
   FAIL  Tests\Feature\Auth\AuthenticationTest
  Γ¿» login screen can be rendered
  Γ¿» users can authenticate using the login screen
  Γ¿» users with two factor enabled are redirected to two factor challenge
  Γ¿» users can not authenticate with invalid password
  Γ¿» users can logout
  Γ¿» users are rate limited
  ΓöÇΓöÇΓöÇΓöÇΓöÇΓöÇΓöÇΓöÇΓöÇΓöÇΓöÇΓöÇΓöÇΓöÇΓöÇΓöÇΓöÇΓöÇΓöÇ  
  ΓÇª   QueryException   
  could not find driver (Connection: sqlite, SQL: select exists (select 1 from "main".sqlite_master where name = 'migrations' and type = 'table') as "exists")

  at vendor\laravel\framework\src\Illuminate\Database\Connectors\Connector.php:67
     63Γûò     protected function createPdoConnection($dsn, $username, #[\SensitiveParameter] $password, $options)
     64Γûò     {
     65Γûò         return version_compare(phpversion(), '8.4.0', '<')
     66Γûò             ? new PDO($dsn, $username, $password, $options)
  Γ₧£  67Γûò             : PDO::connect($dsn, $username, $password, $options); /** @phpstan-ignore staticMethod.notFound (PHP 8.4) */
     68Γûò     }
     69Γûò 
     70Γûò     /**
     71Γûò      * Handle an exception that occurred during connect execution.

  1   vendor\laravel\framework\src\Illuminate\Database\Connectors\Connector.php:67
  2   vendor\laravel\framework\src\Illuminate\Database\Connectors\Connector.php:44

  ΓöÇΓöÇΓöÇΓöÇΓöÇΓöÇΓöÇΓöÇΓöÇΓöÇΓöÇΓöÇΓöÇΓöÇΓöÇΓöÇΓöÇΓöÇΓöÇ  
  ΓÇª   QueryException   
  could not find driver (Connection: sqlite, SQL: select exists (select 1 from "main".sqlite_master where name = 'migrations' and type = 'table') as "exists")

  at vendor\laravel\framework\src\Illuminate\Database\Connectors\Connector.php:67
     63Γûò     protected function createPdoConnection($dsn, $username, #[\SensitiveParameter] $password, $options)
     64Γûò     {
     65Γûò         return version_compare(phpversion(), '8.4.0', '<')
     66Γûò             ? new PDO($dsn, $username, $password, $options)
  Γ₧£  67Γûò             : PDO::connect($dsn, $username, $password, $options); /** @phpstan-ignore staticMethod.notFound (PHP 8.4) */
     68Γûò     }
     69Γûò 
     70Γûò     /**
     71Γûò      * Handle an exception that occurred during connect execution.

  1   vendor\laravel\framework\src\Illuminate\Database\Connectors\Connector.php:67
  2   vendor\laravel\framework\src\Illuminate\Database\Connectors\Connector.php:44

  ΓöÇΓöÇΓöÇΓöÇΓöÇΓöÇΓöÇΓöÇΓöÇΓöÇΓöÇΓöÇΓöÇΓöÇΓöÇΓöÇΓöÇΓöÇΓöÇ  
  ΓÇª   QueryException   
  could not find driver (Connection: sqlite, SQL: select exists (select 1 from "main".sqlite_master where name = 'migrations' and type = 'table') as "exists")

  at vendor\laravel\framework\src\Illuminate\Database\Connectors\Connector.php:67
     63Γûò     protected function createPdoConnection($dsn, $username, #[\SensitiveParameter] $password, $options)
     64Γûò     {
     65Γûò         return version_compare(phpversion(), '8.4.0', '<')
     66Γûò             ? new PDO($dsn, $username, $password, $options)
  Γ₧£  67Γûò             : PDO::connect($dsn, $username, $password, $options); /** @phpstan-ignore staticMethod.notFound (PHP 8.4) */
     68Γûò     }
     69Γûò 
     70Γûò     /**
     71Γûò      * Handle an exception that occurred during connect execution.

  1   vendor\laravel\framework\src\Illuminate\Database\Connectors\Connector.php:67
  2   vendor\laravel\framework\src\Illuminate\Database\Connectors\Connector.php:44

  ΓöÇΓöÇΓöÇΓöÇΓöÇΓöÇΓöÇΓöÇΓöÇΓöÇΓöÇΓöÇΓöÇΓöÇΓöÇΓöÇΓöÇΓöÇΓöÇ  
  ΓÇª   QueryException   
  could not find driver (Connection: sqlite, SQL: select exists (select 1 from "main".sqlite_master where name = 'migrations' and type = 'table') as "exists")

  at vendor\laravel\framework\src\Illuminate\Database\Connectors\Connector.php:67
     63Γûò     protected function createPdoConnection($dsn, $username, #[\SensitiveParameter] $password, $options)
     64Γûò     {
     65Γûò         return version_compare(phpversion(), '8.4.0', '<')
     66Γûò             ? new PDO($dsn, $username, $password, $options)
  Γ₧£  67Γûò             : PDO::connect($dsn, $username, $password, $options); /** @phpstan-ignore staticMethod.notFound (PHP 8.4) */
     68Γûò     }
     69Γûò 
     70Γûò     /**
     71Γûò      * Handle an exception that occurred during connect execution.

  1   vendor\laravel\framework\src\Illuminate\Database\Connectors\Connector.php:67
  2   vendor\laravel\framework\src\Illuminate\Database\Connectors\Connector.php:44

  ΓöÇΓöÇΓöÇΓöÇΓöÇΓöÇΓöÇΓöÇΓöÇΓöÇΓöÇΓöÇΓöÇΓöÇΓöÇΓöÇΓöÇΓöÇΓöÇ  
  ΓÇª   QueryException   
  could not find driver (Connection: sqlite, SQL: select exists (select 1 from "main".sqlite_master where name = 'migrations' and type = 'table') as "exists")

  at vendor\laravel\framework\src\Illuminate\Database\Connectors\Connector.php:67
     63Γûò     protected function createPdoConnection($dsn, $username, #[\SensitiveParameter] $password, $options)
     64Γûò     {
     65Γûò         return version_compare(phpversion(), '8.4.0', '<')
     66Γûò             ? new PDO($dsn, $username, $password, $options)
  Γ₧£  67Γûò             : PDO::connect($dsn, $username, $password, $options); /** @phpstan-ignore staticMethod.notFound (PHP 8.4) */
     68Γûò     }
     69Γûò 
     70Γûò     /**
     71Γûò      * Handle an exception that occurred during connect execution.

  1   vendor\laravel\framework\src\Illuminate\Database\Connectors\Connector.php:67
  2   vendor\laravel\framework\src\Illuminate\Database\Connectors\Connector.php:44

  ΓöÇΓöÇΓöÇΓöÇΓöÇΓöÇΓöÇΓöÇΓöÇΓöÇΓöÇΓöÇΓöÇΓöÇΓöÇΓöÇΓöÇΓöÇΓöÇ  
  ΓÇª   QueryException   
  could not find driver (Connection: sqlite, SQL: select exists (select 1 from "main".sqlite_master where name = 'migrations' and type = 'table') as "exists")

  at vendor\laravel\framework\src\Illuminate\Database\Connectors\Connector.php:67
     63Γûò     protected function createPdoConnection($dsn, $username, #[\SensitiveParameter] $password, $options)
     64Γûò     {
     65Γûò         return version_compare(phpversion(), '8.4.0', '<')
     66Γûò             ? new PDO($dsn, $username, $password, $options)
  Γ₧£  67Γûò             : PDO::connect($dsn, $username, $password, $options); /** @phpstan-ignore staticMethod.notFound (PHP 8.4) */
     68Γûò     }
     69Γûò 
     70Γûò     /**
     71Γûò      * Handle an exception that occurred during connect execution.

  1   vendor\laravel\framework\src\Illuminate\Database\Connectors\Connector.php:67
  2   vendor\laravel\framework\src\Illuminate\Database\Connectors\Connector.php:44


  Tests:    6 failed (0 assertions)
  Duration: 1.29s

